// Jest Snapshot v1, https://goo.gl/fbAQLP

exports[`matches snapshot 1`] = `
<div
  className="mt-8 bg-slate-100 dark:bg-slate-800 fixed bottom-0 right-0 z-50 "
  data-testid="id1"
  style={
    Object {
      "width": "calc(100vw - 384px)",
    }
  }
>
  <div
    className="flex flex-row justify-between items-center ml-2 pt-2 pb-2 "
  >
    <input
      className="w-full p-2 bg-white dark:bg-slate-600 dark:text-white rounded-lg border border-slate-300 dark:border-slate-800"
      id="chatInputField"
      onChange={[Function]}
      onKeyDown={[Function]}
      value=""
    />
    <div
      className="pl-4 pr-4 cursor-pointer"
      id="sendMessageButton"
      onClick={[Function]}
    >
      <svg
        aria-hidden="true"
        className="flex h-7 w-7 text-indigo-600 dark:text-white opacity-30"
        fill="currentColor"
        viewBox="0 0 24 24"
        xmlns="http://www.w3.org/2000/svg"
      >
        <path
          d="M3.478 2.405a.75.75 0 00-.926.94l2.432 7.905H13.5a.75.75 0 010 1.5H4.984l-2.432 7.905a.75.75 0 00.926.94 60.519 60.519 0 0018.445-8.986.75.75 0 000-1.218A60.517 60.517 0 003.478 2.405z"
        />
      </svg>
    </div>
  </div>
</div>
`;
